// Jest Snapshot v1, https://goo.gl/fbAQLP

exports[`MultiChart Legend component renders 1`] = `
<div
  class="bx--multi-chart__legend"
>
  <div
    class="bx--multi-chart__legend__item"
  >
    <svg
      class="bx--multi-chart__legend__icon bx--multi-chart__legend__icon__icon-line"
      size="8"
    />
    some legend text
  </div>
  <div
    class="bx--multi-chart__legend__item"
  >
    <svg
      class="bx--multi-chart__legend__icon bx--multi-chart__legend__icon__icon-alert"
      size="8"
    />
    other legend text
  </div>
</div>
`;
